#-----------------------------------------------------------
# Vivado v2023.2 (64-bit)
# SW Build 4029153 on Fri Oct 13 20:14:34 MDT 2023
# IP Build 4028589 on Sat Oct 14 00:45:43 MDT 2023
# SharedData Build 4025554 on Tue Oct 10 17:18:54 MDT 2023
# Start of session at: Sat Apr 27 10:34:08 2024
# Process ID: 7412
# Current directory: C:/Users/hp/Desktop/imageProcessingSystem/imageProcessingSystem.runs/imageProcessingSystem_rst_ps7_0_100M_0_synth_1
# Command line: vivado.exe -log imageProcessingSystem_rst_ps7_0_100M_0.vds -product Vivado -mode batch -messageDb vivado.pb -notrace -source imageProcessingSystem_rst_ps7_0_100M_0.tcl
# Log file: C:/Users/hp/Desktop/imageProcessingSystem/imageProcessingSystem.runs/imageProcessingSystem_rst_ps7_0_100M_0_synth_1/imageProcessingSystem_rst_ps7_0_100M_0.vds
# Journal file: C:/Users/hp/Desktop/imageProcessingSystem/imageProcessingSystem.runs/imageProcessingSystem_rst_ps7_0_100M_0_synth_1\vivado.jou
# Running On: DESKTOP-AB23O75, OS: Windows, CPU Frequency: 1800 MHz, CPU Physical cores: 4, Host memory: 8496 MB
#-----------------------------------------------------------
source imageProcessingSystem_rst_ps7_0_100M_0.tcl -notrace
