#-----------------------------------------------------------
# Vivado v2023.2 (64-bit)
# SW Build 4029153 on Fri Oct 13 20:14:34 MDT 2023
# IP Build 4028589 on Sat Oct 14 00:45:43 MDT 2023
# SharedData Build 4025554 on Tue Oct 10 17:18:54 MDT 2023
# Start of session at: Sat Feb 17 23:09:06 2024
# Process ID: 1488
# Current directory: C:/Users/hp/Desktop/NeuralNetwork2/Tut-8/myProject1
# Command line: vivado.exe -gui_launcher_event rodinguilauncherevent17056 C:\Users\hp\Desktop\NeuralNetwork2\Tut-8\myProject1\myProject1.xpr
# Log file: C:/Users/hp/Desktop/NeuralNetwork2/Tut-8/myProject1/vivado.log
# Journal file: C:/Users/hp/Desktop/NeuralNetwork2/Tut-8/myProject1\vivado.jou
# Running On: DESKTOP-AB23O75, OS: Windows, CPU Frequency: 1800 MHz, CPU Physical cores: 4, Host memory: 8496 MB
#-----------------------------------------------------------
start_gui
open_project C:/Users/hp/Desktop/NeuralNetwork2/Tut-8/myProject1/myProject1.xpr
update_compile_order -fileset sources_1
launch_simulation
restart
launch_simulation
restart
launch_simulation
update_compile_order -fileset sim_1
set_property source_mgmt_mode DisplayOnly [current_project]
